###############################################################################
#
# IAR ELF Linker V9.10.2.313/W64 for ARM                  09/Jan/2023  12:05:57
# Copyright 2007-2021 IAR Systems AB.
#
#    Output file  =
#        D:\MCTA\EMBEDDED\final_autosar\master\Debug\Exe\DIO_WORKSPACE.out
#    Map file     =
#        D:\MCTA\EMBEDDED\final_autosar\master\Debug\List\DIO_WORKSPACE.map
#    Command line =
#        -f
#        D:\MCTA\EMBEDDED\final_autosar\master\Debug\Exe\DIO_WORKSPACE.out.rsp
#        (D:\MCTA\EMBEDDED\final_autosar\master\Debug\Obj\APPAL\APP\src\APP.o
#        D:\MCTA\EMBEDDED\final_autosar\master\Debug\Obj\HAL\BUTTON\src\Button.o
#        D:\MCTA\EMBEDDED\final_autosar\master\Debug\Obj\can.o
#        D:\MCTA\EMBEDDED\final_autosar\master\Debug\Obj\MCAL\CAN\src\CAN_INIT.o
#        D:\MCTA\EMBEDDED\final_autosar\master\Debug\Obj\MCAL\DIO\src\Dio.o
#        D:\MCTA\EMBEDDED\final_autosar\master\Debug\Obj\MCAL\DIO\config\Dio_Lcfg.o
#        D:\MCTA\EMBEDDED\final_autosar\master\Debug\Obj\HAL\LED\src\LED.o
#        D:\MCTA\EMBEDDED\final_autosar\master\Debug\Obj\main.o
#        D:\MCTA\EMBEDDED\final_autosar\master\Debug\Obj\APPAL\OS\src\OS.o
#        D:\MCTA\EMBEDDED\final_autosar\master\Debug\Obj\APPAL\OS\config\OS_Cfg.o
#        D:\MCTA\EMBEDDED\final_autosar\master\Debug\Obj\MCAL\PORT\src\Port.o
#        D:\MCTA\EMBEDDED\final_autosar\master\Debug\Obj\MCAL\PORT\config\Port_PBcfg.o
#        D:\MCTA\EMBEDDED\final_autosar\master\Debug\Obj\startup_ewarm.o
#        D:\MCTA\EMBEDDED\final_autosar\master\Debug\Obj\MCAL\SYSTICK_TIMER\src\systick.o
#        --no_out_extension -o
#        D:\MCTA\EMBEDDED\final_autosar\master\Debug\Exe\DIO_WORKSPACE.out
#        --redirect _Printf=_PrintfFullNoMb --redirect _Scanf=_ScanfFullNoMb
#        --map
#        D:\MCTA\EMBEDDED\final_autosar\master\Debug\List\DIO_WORKSPACE.map
#        --config "D:\clean new
#        prorgrams\arm\arm\config\linker\TexasInstruments\TM4C123GH6.icf"
#        --semihosting
#        C:\ti\TivaWare_C_Series-2.2.0.295\driverlib\ewarm\Exe\driverlib.a
#        --entry __iar_program_start --vfe --text_out locale)
#
###############################################################################

*******************************************************************************
*** MESSAGES
***

Warning[Lt009]: Inconsistent wchar_t size
            interrupt.o(driverlib.a) and 3 other objects in driverlib.a have
                      wchar_t size 16 bits
            APP.o and 26 other objects, some of them in dl7M_tln.a and 11 other
                      libraries have wchar_t size 32 bits


*******************************************************************************
*** RUNTIME MODEL ATTRIBUTES
***

CppFlavor       = *
__SystemLibrary = DLib
__dlib_version  = 6


*******************************************************************************
*** HEAP SELECTION
***

The basic heap was selected because some modules are built with
size limitations (and not runtime checking), and --advanced_heap
was not specified.


*******************************************************************************
*** PLACEMENT SUMMARY
***

"A0":  place at address 0x0 { ro section .intvec };
"P1":  place in [from 0x0 to 0x3'ffff] { ro };
define block CSTACK with size = 4K, alignment = 8 { };
define block HEAP with size = 8K, alignment = 8 { };
"P2":  place in [from 0x2000'0000 to 0x2000'7fff] {
          rw, block CSTACK, block HEAP };
do not initialize { rw section .noinit };
initialize by copy { rw };

  Section            Kind         Address    Size  Object
  -------            ----         -------    ----  ------
"A0":                                       0x26c
  .intvec            const            0x0   0x26c  startup_ewarm.o [1]
                                  - 0x26c   0x26c

"P1":                                      0x17ff
  .text              ro code        0x26c   0x540  Port.o [11]
  .text              ro code        0x7ac   0x3ac  Dio.o [9]
  .text              ro code        0xb58   0x39c  can.o [1]
  .text              ro code        0xef4   0x2c0  sysctl.o [14]
  .text              ro code       0x11b4   0x294  gpio.o [14]
  .text              ro code       0x1448   0x15e  APP.o [2]
  .text              ro code       0x15a6    0x3a  packbits_init_single.o [16]
  .text              ro code       0x15e0    0xf0  CAN_INIT.o [7]
  .text              ro code       0x16d0    0x88  Button.o [5]
  .text              ro code       0x1758    0x48  LED.o [6]
  .text              ro code       0x17a0    0x74  interrupt.o [14]
  .text              ro code       0x1814    0x9c  OS.o [4]
  .text              ro code       0x18b0    0x60  systick.o [12]
  .rodata            const         0x1910    0x28  Port_PBcfg.o [10]
  .text              ro code       0x1938    0x28  data_init.o [16]
  .text              ro code       0x1960    0x22  fpinit_M.o [15]
  .iar.init_table    const         0x1984    0x10  - Linker created -
  .rodata            const         0x1994    0x20  can.o [1]
  .text              ro code       0x19b4    0x1e  startup_ewarm.o [1]
  .text              ro code       0x19d4    0x1c  cstartup_M.o [16]
  .text              ro code       0x19f0    0x1e  cmain.o [16]
  .text              ro code       0x1a0e     0x4  low_level_init.o [13]
  .text              ro code       0x1a14    0x10  main.o [1]
  .text              ro code       0x1a24     0x4  exit.o [13]
  .text              ro code       0x1a28     0xa  cexit.o [16]
  .text              ro code       0x1a34    0x14  exit.o [17]
  .rodata            const         0x1a48    0x10  OS_Cfg.o [3]
  .rodata            const         0x1a58     0x0  packbits_init_single.o [16]
  Initializer bytes  const         0x1a58    0x13  <for P2-1>
                                 - 0x1a6b  0x17ff

"P2", part 1 of 2:                           0x4a
  P2-1                        0x2000'0000    0x4a  <Init block>
    .data            inited   0x2000'0000     0xc  Dio_Lcfg.o [8]
    .bss             inited   0x2000'000c     0x4  APP.o [2]
    .bss             inited   0x2000'0010    0x14  CAN_INIT.o [7]
    .bss             inited   0x2000'0024     0x4  CAN_INIT.o [7]
    .bss             inited   0x2000'0028     0x4  Dio.o [9]
    .bss             inited   0x2000'002c     0x4  OS.o [4]
    .bss             inited   0x2000'0030     0x4  OS.o [4]
    .bss             inited   0x2000'0034     0x4  Port.o [11]
    .bss             inited   0x2000'0038     0x4  systick.o [12]
    .data            inited   0x2000'003c     0x2  OS.o [4]
    .data            inited   0x2000'003e     0x1  APP.o [2]
    .data            inited   0x2000'003f     0x1  APP.o [2]
    .data            inited   0x2000'0040     0x1  APP.o [2]
    .data            inited   0x2000'0041     0x1  APP.o [2]
    .data            inited   0x2000'0042     0x1  Button.o [5]
    .data            inited   0x2000'0043     0x1  Button.o [5]
    .bss             inited   0x2000'0044     0x1  Button.o [5]
    .bss             inited   0x2000'0045     0x1  Button.o [5]
    .bss             inited   0x2000'0046     0x1  CAN_INIT.o [7]
    .bss             inited   0x2000'0047     0x1  CAN_INIT.o [7]
    .bss             inited   0x2000'0048     0x1  Dio.o [9]
    .bss             inited   0x2000'0049     0x1  Port.o [11]
                            - 0x2000'004a    0x4a

"P2", part 2 of 2:                          0x200
  .noinit            uninit   0x2000'004c   0x200  startup_ewarm.o [1]
                            - 0x2000'024c   0x200

Unused ranges:

         From           To      Size
         ----           --      ----
       0x1a6b     0x3'ffff  0x3'e595
  0x2000'004a  0x2000'004b       0x2
  0x2000'024c  0x2000'7fff    0x7db4


*******************************************************************************
*** INIT TABLE
***

          Address      Size
          -------      ----
Copy/packbits (__iar_packbits_init_single3)
    1 source range, total size 0x13 (25% of destination):
               0x1a58  0x13
    1 destination range, total size 0x4a:
          0x2000'0000  0x4a



*******************************************************************************
*** MODULE SUMMARY
***

    Module                  ro code  ro data  rw data
    ------                  -------  -------  -------
command line/config:
    -------------------------------------------------
    Total:

D:\MCTA\EMBEDDED\final_autosar\master\Debug\Obj: [1]
    can.o                       924       32
    main.o                       16
    startup_ewarm.o              30      620      512
    -------------------------------------------------
    Total:                      970      652      512

D:\MCTA\EMBEDDED\final_autosar\master\Debug\Obj\APPAL\APP\src: [2]
    APP.o                       350        2        8
    -------------------------------------------------
    Total:                      350        2        8

D:\MCTA\EMBEDDED\final_autosar\master\Debug\Obj\APPAL\OS\config: [3]
    OS_Cfg.o                              16
    -------------------------------------------------
    Total:                                16

D:\MCTA\EMBEDDED\final_autosar\master\Debug\Obj\APPAL\OS\src: [4]
    OS.o                        156        2       10
    -------------------------------------------------
    Total:                      156        2       10

D:\MCTA\EMBEDDED\final_autosar\master\Debug\Obj\HAL\BUTTON\src: [5]
    Button.o                    136        1        4
    -------------------------------------------------
    Total:                      136        1        4

D:\MCTA\EMBEDDED\final_autosar\master\Debug\Obj\HAL\LED\src: [6]
    LED.o                        72
    -------------------------------------------------
    Total:                       72

D:\MCTA\EMBEDDED\final_autosar\master\Debug\Obj\MCAL\CAN\src: [7]
    CAN_INIT.o                  240        7       26
    -------------------------------------------------
    Total:                      240        7       26

D:\MCTA\EMBEDDED\final_autosar\master\Debug\Obj\MCAL\DIO\config: [8]
    Dio_Lcfg.o                             3       12
    -------------------------------------------------
    Total:                                 3       12

D:\MCTA\EMBEDDED\final_autosar\master\Debug\Obj\MCAL\DIO\src: [9]
    Dio.o                       940        1        5
    -------------------------------------------------
    Total:                      940        1        5

D:\MCTA\EMBEDDED\final_autosar\master\Debug\Obj\MCAL\PORT\config: [10]
    Port_PBcfg.o                          40
    -------------------------------------------------
    Total:                                40

D:\MCTA\EMBEDDED\final_autosar\master\Debug\Obj\MCAL\PORT\src: [11]
    Port.o                    1'344        2        5
    -------------------------------------------------
    Total:                    1'344        2        5

D:\MCTA\EMBEDDED\final_autosar\master\Debug\Obj\MCAL\SYSTICK_TIMER\src: [12]
    systick.o                    96        1        4
    -------------------------------------------------
    Total:                       96        1        4

dl7M_tln.a: [13]
    exit.o                        4
    low_level_init.o              4
    -------------------------------------------------
    Total:                        8

driverlib.a: [14]
    gpio.o                      660
    interrupt.o                 116
    sysctl.o                    704
    -------------------------------------------------
    Total:                    1'480

m7M_tls.a: [15]
    fpinit_M.o                   34
    -------------------------------------------------
    Total:                       34

rt7M_tl.a: [16]
    cexit.o                      10
    cmain.o                      30
    cstartup_M.o                 28
    data_init.o                  40
    packbits_init_single.o       58
    -------------------------------------------------
    Total:                      166

shb_l.a: [17]
    exit.o                       20
    -------------------------------------------------
    Total:                       20

    Gaps                          6        2
    Linker created                        16
-----------------------------------------------------
    Grand Total:              6'018      745      586


*******************************************************************************
*** ENTRY LIST
***

Entry                       Address   Size  Type      Object
-----                       -------   ----  ----      ------
.iar.init_table$$Base        0x1984          --   Gb  - Linker created -
.iar.init_table$$Limit       0x1994          --   Gb  - Linker created -
?main                        0x19f1         Code  Gb  cmain.o [16]
App_TASK                     0x1469  0x116  Code  Gb  APP.o [2]
App_TASK::btn1_state    0x2000'003e    0x1  Data  Lc  APP.o [2]
App_TASK::btn1_state_old
                        0x2000'0040    0x1  Data  Lc  APP.o [2]
App_TASK::btn2_state    0x2000'003f    0x1  Data  Lc  APP.o [2]
App_TASK::btn2_state_old
                        0x2000'0041    0x1  Data  Lc  APP.o [2]
App_TASK::counter       0x2000'000c    0x4  Data  Lc  APP.o [2]
BUTTON_ONE_RET_State         0x16d1    0xe  Code  Gb  Button.o [5]
BUTTON_ONE_Read              0x16ed   0x2e  Code  Gb  Button.o [5]
BUTTON_ONE_Read::B_Pressed_Count
                        0x2000'0044    0x1  Data  Lc  Button.o [5]
BUTTON_TWO_RET_State         0x16df    0xe  Code  Gb  Button.o [5]
BUTTON_TWO_Read              0x171b   0x2e  Code  Gb  Button.o [5]
BUTTON_TWO_Read::B_Pressed_Count
                        0x2000'0045    0x1  Data  Lc  Button.o [5]
B_button_state          0x2000'0042    0x1  Data  Gb  Button.o [5]
B_button_state_2        0x2000'0043    0x1  Data  Gb  Button.o [5]
Button_state_TASK            0x145d    0xc  Code  Gb  APP.o [2]
CANBitRateSet                 0xbed   0x7a  Code  Gb  can.o [1]
CANEnable                     0xbe3    0xa  Code  Gb  can.o [1]
CANInit                       0xb7b   0x68  Code  Gb  can.o [1]
CANIntClear                   0xc9b   0x34  Code  Gb  can.o [1]
CANIntEnable                  0xc67    0x8  Code  Gb  can.o [1]
CANIntHandler                0x1651   0x3a  Code  Gb  CAN_INIT.o [7]
CANIntStatus                  0xc6f   0x2c  Code  Gb  can.o [1]
CANMessageSet                 0xd2b  0x1c4  Code  Gb  can.o [1]
CANStatusGet                  0xccf   0x5c  Code  Gb  can.o [1]
DIO_CFG_ARR             0x2000'0000    0xc  Data  Gb  Dio_Lcfg.o [8]
DIO_CFG_INIT                  0x7ad   0x10  Code  Gb  Dio.o [9]
Data_Transmite               0x159d    0xa  Code  Gb  APP.o [2]
Dio_PortChannels        0x2000'0028    0x4  Data  Lc  Dio.o [9]
Dio_ReadChannel               0xa17  0x122  Code  Gb  Dio.o [9]
Dio_Status              0x2000'0048    0x1  Data  Gb  Dio.o [9]
Dio_WriteChannel              0x7bd  0x25a  Code  Gb  Dio.o [9]
FaultISR                     0x19cf    0x2  Code  Lc  startup_ewarm.o [1]
GPIODirModeSet               0x11b5   0x28  Code  Gb  gpio.o [14]
GPIOPadConfigSet             0x11dd  0x174  Code  Gb  gpio.o [14]
GPIOPinConfigure             0x136f   0x38  Code  Gb  gpio.o [14]
GPIOPinTypeCAN               0x1351    0x4  Code  Gb  gpio.o [14]
Init_Tasks                   0x1449   0x14  Code  Gb  APP.o [2]
IntDefaultHandler            0x19d1    0x2  Code  Lc  startup_ewarm.o [1]
IntEnable                    0x17a1   0x56  Code  Gb  interrupt.o [14]
NmiSR                        0x19cd    0x2  Code  Lc  startup_ewarm.o [1]
Os_NewTimerTick              0x1881   0x24  Code  Gb  OS.o [4]
Os_Scheduler                 0x1829   0x56  Code  Gb  OS.o [4]
Os_start                     0x1815   0x14  Code  Gb  OS.o [4]
Port_Confg              0x2000'0034    0x4  Data  Gb  Port.o [11]
Port_Configuration           0x1910   0x28  Data  Gb  Port_PBcfg.o [10]
Port_Init                     0x26d  0x540  Code  Gb  Port.o [11]
Port_Status             0x2000'0049    0x1  Data  Gb  Port.o [11]
Region$$Table$$Base          0x1984          --   Gb  - Linker created -
Region$$Table$$Limit         0x1994          --   Gb  - Linker created -
ResetISR                     0x19b5   0x14  Code  Gb  startup_ewarm.o [1]
SysCtlClockGet                0xff1  0x110  Code  Gb  sysctl.o [14]
SysCtlClockSet                0xf19   0xd8  Code  Gb  sysctl.o [14]
SysCtlDelay                   0xf11    0x8  Code  Gb  sysctl.o [14]
SysCtlPeripheralEnable        0xef5    0x8  Code  Gb  sysctl.o [14]
SysTick_Handler              0x18b1   0x12  Code  Gb  systick.o [12]
SysTick_Start                0x18c3   0x3a  Code  Gb  systick.o [12]
TASK_CONFIG                  0x1a48   0x10  Data  Gb  OS_Cfg.o [3]
Task_Confg              0x2000'002c    0x4  Data  Gb  OS.o [4]
Tick_Count              0x2000'0030    0x4  Data  Lc  OS.o [4]
Tick_Flag               0x2000'003c    0x2  Data  Lc  OS.o [4]
_CANDataRegWrite              0xb59   0x22  Code  Lc  can.o [1]
__cmain                      0x19f1         Code  Gb  cmain.o [16]
__exit                       0x1a35   0x14  Code  Gb  exit.o [17]
__iar_data_init3             0x1939   0x28  Code  Gb  data_init.o [16]
__iar_init_vfp               0x1961         Code  Gb  fpinit_M.o [15]
__iar_packbits_init_single3
                             0x15a7   0x3a  Code  Gb  packbits_init_single.o [16]
__iar_program_start          0x19d5         Code  Gb  cstartup_M.o [16]
__low_level_init             0x1a0f    0x4  Code  Gb  low_level_init.o [13]
__vector_table                  0x0  0x26c  Data  Gb  startup_ewarm.o [1]
_call_main                   0x19fd         Code  Gb  cmain.o [16]
_exit                        0x1a29         Code  Gb  cexit.o [16]
blue_OFF                     0x1789    0xc  Code  Gb  LED.o [6]
blue_ON                      0x1765    0xc  Code  Gb  LED.o [6]
can_init                     0x15e1   0x70  Code  Gb  CAN_INIT.o [7]
cantx                        0x168b   0x14  Code  Gb  CAN_INIT.o [7]
exit                         0x1a25    0x4  Code  Gb  exit.o [13]
g_SysTick_Call_Back_Ptr
                        0x2000'0038    0x4  Data  Lc  systick.o [12]
g_bErrFlag              0x2000'0047    0x1  Data  Gb  CAN_INIT.o [7]
g_bRXFlag               0x2000'0046    0x1  Data  Gb  CAN_INIT.o [7]
g_pui32EnRegs                0x1800   0x14  Data  Lc  interrupt.o [14]
g_pui32GPIOBaseAddrs         0x13b8   0x90  Data  Lc  gpio.o [14]
g_pui32Xtals                 0x1148   0x6c  Data  Lc  sysctl.o [14]
g_ui16CANBitValues           0x1994   0x20  Data  Lc  can.o [1]
green_OFF                    0x1795    0xc  Code  Gb  LED.o [6]
green_ON                     0x1771    0xc  Code  Gb  LED.o [6]
main                         0x1a15   0x10  Code  Gb  main.o [1]
pui32Stack              0x2000'004c  0x200  Data  Lc  startup_ewarm.o [1]
pui8MsgData             0x2000'0024    0x4  Data  Gb  CAN_INIT.o [7]
red_OFF                      0x177d    0xc  Code  Gb  LED.o [6]
red_ON                       0x1759    0xc  Code  Gb  LED.o [6]
sCANMessage_tx          0x2000'0010   0x14  Data  Gb  CAN_INIT.o [7]


[1] = D:\MCTA\EMBEDDED\final_autosar\master\Debug\Obj
[2] = D:\MCTA\EMBEDDED\final_autosar\master\Debug\Obj\APPAL\APP\src
[3] = D:\MCTA\EMBEDDED\final_autosar\master\Debug\Obj\APPAL\OS\config
[4] = D:\MCTA\EMBEDDED\final_autosar\master\Debug\Obj\APPAL\OS\src
[5] = D:\MCTA\EMBEDDED\final_autosar\master\Debug\Obj\HAL\BUTTON\src
[6] = D:\MCTA\EMBEDDED\final_autosar\master\Debug\Obj\HAL\LED\src
[7] = D:\MCTA\EMBEDDED\final_autosar\master\Debug\Obj\MCAL\CAN\src
[8] = D:\MCTA\EMBEDDED\final_autosar\master\Debug\Obj\MCAL\DIO\config
[9] = D:\MCTA\EMBEDDED\final_autosar\master\Debug\Obj\MCAL\DIO\src
[10] = D:\MCTA\EMBEDDED\final_autosar\master\Debug\Obj\MCAL\PORT\config
[11] = D:\MCTA\EMBEDDED\final_autosar\master\Debug\Obj\MCAL\PORT\src
[12] = D:\MCTA\EMBEDDED\final_autosar\master\Debug\Obj\MCAL\SYSTICK_TIMER\src
[13] = dl7M_tln.a
[14] = driverlib.a
[15] = m7M_tls.a
[16] = rt7M_tl.a
[17] = shb_l.a

  6'018 bytes of readonly  code memory
    745 bytes of readonly  data memory
    586 bytes of readwrite data memory

Errors: none
Warnings: 1
